###############################################################################
#
# IAR ELF Linker V9.40.1.364/W64 for ARM                  03/Jul/2024  17:25:15
# Copyright 2007-2023 IAR Systems AB.
#
#    Output file  =
#        C:\Users\sam\Desktop\CAN代码\CAN_NORMAL_TEST\EWARM\CAN_NORMAL_TEST\Exe\CAN_NORMAL_TEST.out
#    Map file     =
#        C:\Users\sam\Desktop\CAN代码\CAN_NORMAL_TEST\EWARM\CAN_NORMAL_TEST\List\CAN_NORMAL_TEST.map
#    Command line =
#        -f
#        C:\Users\sam\Desktop\CAN代码\CAN_NORMAL_TEST\EWARM\CAN_NORMAL_TEST\Exe\CAN_NORMAL_TEST.out.rsp
#        (C:\Users\sam\Desktop\CAN代码\CAN_NORMAL_TEST\EWARM\CAN_NORMAL_TEST\Obj\Core_13247989168731456611.dir\can.o
#        C:\Users\sam\Desktop\CAN代码\CAN_NORMAL_TEST\EWARM\CAN_NORMAL_TEST\Obj\Core_13247989168731456611.dir\gpio.o
#        C:\Users\sam\Desktop\CAN代码\CAN_NORMAL_TEST\EWARM\CAN_NORMAL_TEST\Obj\Core_13247989168731456611.dir\main.o
#        C:\Users\sam\Desktop\CAN代码\CAN_NORMAL_TEST\EWARM\CAN_NORMAL_TEST\Obj\RTT_4652398523635190692.dir\SEGGER_RTT.o
#        C:\Users\sam\Desktop\CAN代码\CAN_NORMAL_TEST\EWARM\CAN_NORMAL_TEST\Obj\RTT_4652398523635190692.dir\SEGGER_RTT_printf.o
#        C:\Users\sam\Desktop\CAN代码\CAN_NORMAL_TEST\EWARM\CAN_NORMAL_TEST\Obj\EWARM_18443280873093131863.dir\startup_stm32f103xb.o
#        C:\Users\sam\Desktop\CAN代码\CAN_NORMAL_TEST\EWARM\CAN_NORMAL_TEST\Obj\STM32F1xx_HAL_Driver_9701002599162248031.dir\stm32f1xx_hal.o
#        C:\Users\sam\Desktop\CAN代码\CAN_NORMAL_TEST\EWARM\CAN_NORMAL_TEST\Obj\STM32F1xx_HAL_Driver_9701002599162248031.dir\stm32f1xx_hal_can.o
#        C:\Users\sam\Desktop\CAN代码\CAN_NORMAL_TEST\EWARM\CAN_NORMAL_TEST\Obj\STM32F1xx_HAL_Driver_9701002599162248031.dir\stm32f1xx_hal_cortex.o
#        C:\Users\sam\Desktop\CAN代码\CAN_NORMAL_TEST\EWARM\CAN_NORMAL_TEST\Obj\STM32F1xx_HAL_Driver_9701002599162248031.dir\stm32f1xx_hal_dma.o
#        C:\Users\sam\Desktop\CAN代码\CAN_NORMAL_TEST\EWARM\CAN_NORMAL_TEST\Obj\STM32F1xx_HAL_Driver_9701002599162248031.dir\stm32f1xx_hal_exti.o
#        C:\Users\sam\Desktop\CAN代码\CAN_NORMAL_TEST\EWARM\CAN_NORMAL_TEST\Obj\STM32F1xx_HAL_Driver_9701002599162248031.dir\stm32f1xx_hal_flash.o
#        C:\Users\sam\Desktop\CAN代码\CAN_NORMAL_TEST\EWARM\CAN_NORMAL_TEST\Obj\STM32F1xx_HAL_Driver_9701002599162248031.dir\stm32f1xx_hal_flash_ex.o
#        C:\Users\sam\Desktop\CAN代码\CAN_NORMAL_TEST\EWARM\CAN_NORMAL_TEST\Obj\STM32F1xx_HAL_Driver_9701002599162248031.dir\stm32f1xx_hal_gpio.o
#        C:\Users\sam\Desktop\CAN代码\CAN_NORMAL_TEST\EWARM\CAN_NORMAL_TEST\Obj\STM32F1xx_HAL_Driver_9701002599162248031.dir\stm32f1xx_hal_gpio_ex.o
#        C:\Users\sam\Desktop\CAN代码\CAN_NORMAL_TEST\EWARM\CAN_NORMAL_TEST\Obj\Core_13247989168731456611.dir\stm32f1xx_hal_msp.o
#        C:\Users\sam\Desktop\CAN代码\CAN_NORMAL_TEST\EWARM\CAN_NORMAL_TEST\Obj\STM32F1xx_HAL_Driver_9701002599162248031.dir\stm32f1xx_hal_pwr.o
#        C:\Users\sam\Desktop\CAN代码\CAN_NORMAL_TEST\EWARM\CAN_NORMAL_TEST\Obj\STM32F1xx_HAL_Driver_9701002599162248031.dir\stm32f1xx_hal_rcc.o
#        C:\Users\sam\Desktop\CAN代码\CAN_NORMAL_TEST\EWARM\CAN_NORMAL_TEST\Obj\STM32F1xx_HAL_Driver_9701002599162248031.dir\stm32f1xx_hal_rcc_ex.o
#        C:\Users\sam\Desktop\CAN代码\CAN_NORMAL_TEST\EWARM\CAN_NORMAL_TEST\Obj\STM32F1xx_HAL_Driver_9701002599162248031.dir\stm32f1xx_hal_tim.o
#        C:\Users\sam\Desktop\CAN代码\CAN_NORMAL_TEST\EWARM\CAN_NORMAL_TEST\Obj\STM32F1xx_HAL_Driver_9701002599162248031.dir\stm32f1xx_hal_tim_ex.o
#        C:\Users\sam\Desktop\CAN代码\CAN_NORMAL_TEST\EWARM\CAN_NORMAL_TEST\Obj\Core_13247989168731456611.dir\stm32f1xx_it.o
#        C:\Users\sam\Desktop\CAN代码\CAN_NORMAL_TEST\EWARM\CAN_NORMAL_TEST\Obj\CMSIS_6603591812247902717.dir\system_stm32f1xx.o
#        --no_out_extension -o
#        C:\Users\sam\Desktop\CAN代码\CAN_NORMAL_TEST\EWARM\CAN_NORMAL_TEST\Exe\CAN_NORMAL_TEST.out
#        --redirect _Printf=_PrintfFullNoMb --redirect _Scanf=_ScanfFullNoMb
#        --map
#        C:\Users\sam\Desktop\CAN代码\CAN_NORMAL_TEST\EWARM\CAN_NORMAL_TEST\List\CAN_NORMAL_TEST.map
#        --config
#        C:\Users\sam\Desktop\CAN代码\CAN_NORMAL_TEST\EWARM/stm32f103xb_flash.icf
#        --semihosting --entry __iar_program_start --vfe --text_out locale
#        --cpu=Cortex-M3 --fpu=None) --dependencies=n
#        C:\Users\sam\Desktop\CAN代码\CAN_NORMAL_TEST\EWARM\CAN_NORMAL_TEST\Exe\CAN_NORMAL_TEST.out.iar_deps
#
###############################################################################

*******************************************************************************
*** RUNTIME MODEL ATTRIBUTES
***

CppFlavor       = *
__CPP_Runtime   = 1
__SystemLibrary = DLib
__dlib_version  = 6


*******************************************************************************
*** HEAP SELECTION
***

The basic heap was selected because --advanced_heap
was not specified and the application did not appear to
be primarily optimized for speed.


*******************************************************************************
*** PLACEMENT SUMMARY
***

"A0":  place at address 0x800'0000 { ro section .intvec };
"P1":  place in [from 0x800'0000 to 0x801'ffff] { ro };
define block CSTACK with size = 1K, alignment = 8 { };
define block HEAP with size = 512, alignment = 8 { };
"P2":  place in [from 0x2000'0000 to 0x2000'4fff] {
          rw, block CSTACK, block HEAP };
initialize by copy { rw };

  Section            Kind         Address    Size  Object
  -------            ----         -------    ----  ------
"A0":                                        0xec
  .intvec            ro code   0x800'0000    0xec  startup_stm32f103xb.o [3]
                             - 0x800'00ec    0xec

"P1":                                      0x1b48
  .text              ro code   0x800'00ec   0x64a  stm32f1xx_hal_can.o [5]
  .text              ro code   0x800'0736    0x2a  copy_init3.o [7]
  .text              ro code   0x800'0760   0x248  can.o [2]
  .text              ro code   0x800'09a8     0xc  stm32f1xx_hal.o [5]
  .text              ro code   0x800'09b4     0x2  stm32f1xx_hal_can.o [5]
  .text              ro code   0x800'09b6     0x2  stm32f1xx_hal_can.o [5]
  .text              ro code   0x800'09b8     0x2  stm32f1xx_hal_can.o [5]
  .text              ro code   0x800'09ba     0x2  stm32f1xx_hal_can.o [5]
  .text              ro code   0x800'09bc     0x2  stm32f1xx_hal_can.o [5]
  .text              ro code   0x800'09be     0x2  stm32f1xx_hal_can.o [5]
  .text              ro code   0x800'09c0     0x2  stm32f1xx_hal_can.o [5]
  .text              ro code   0x800'09c2     0x2  stm32f1xx_hal_can.o [5]
  .text              ro code   0x800'09c4     0x2  stm32f1xx_hal_can.o [5]
  .text              ro code   0x800'09c6     0x2  stm32f1xx_hal_can.o [5]
  .text              ro code   0x800'09c8     0x2  stm32f1xx_hal_can.o [5]
  .text              ro code   0x800'09ca     0x2  stm32f1xx_hal_can.o [5]
  .text              ro code   0x800'09cc   0x158  main.o [2]
  .text              ro code   0x800'0b24    0x14  memset.o [7]
  .text              ro code   0x800'0b38   0x1fc  stm32f1xx_hal_gpio.o [5]
  .text              ro code   0x800'0d34    0xc4  stm32f1xx_hal_cortex.o [5]
  .text              ro code   0x800'0df8   0x36c  SEGGER_RTT_printf.o [4]
  .text              ro code   0x800'1164    0x24  stm32f1xx_hal.o [5]
  .text              ro code   0x800'1188    0xc8  gpio.o [2]
  .text              ro code   0x800'1250   0x1c8  SEGGER_RTT.o [4]
  .text              ro code   0x800'1418   0x492  stm32f1xx_hal_rcc.o [5]
  .text              ro code   0x800'18ac    0x28  stm32f1xx_hal.o [5]
  .text              ro code   0x800'18d4    0x66  ABImemset.o [7]
  .text              ro code   0x800'193c    0x40  stm32f1xx_hal.o [5]
  .text              ro code   0x800'197c    0x44  stm32f1xx_hal_msp.o [2]
  .text              ro code   0x800'19c0     0x6  ABImemclr.o [7]
  .text              ro code   0x800'19c8    0x18  ABImemcpy_small.o [7]
  .text              ro code   0x800'19e0    0x38  zero_init3.o [7]
  .text              ro code   0x800'1a18    0x2e  stm32f1xx_it.o [2]
  .text              ro code   0x800'1a48    0x10  stm32f1xx_hal.o [5]
  .rodata            const     0x800'1a58    0x28  can.o [2]
  .rodata            const     0x800'1a80    0x28  main.o [2]
  .text              ro code   0x800'1aa8    0x28  data_init.o [7]
  .iar.init_table    const     0x800'1ad0    0x24  - Linker created -
  .text              ro code   0x800'1af4    0x1e  cmain.o [7]
  .text              ro code   0x800'1b12     0x4  low_level_init.o [6]
  .text              ro code   0x800'1b16     0x4  exit.o [6]
  .text              ro code   0x800'1b1c     0xa  cexit.o [7]
  .text              ro code   0x800'1b28    0x14  exit.o [8]
  .text              ro code   0x800'1b3c    0x1c  cstartup_M.o [7]
  Initializer bytes  const     0x800'1b58    0x1c  <for P2-1>
  .text              ro code   0x800'1b74    0x14  system_stm32f1xx.o [1]
  .text              ro code   0x800'1b88    0x10  startup_stm32f103xb.o [3]
  .text              ro code   0x800'1b98     0x4  startup_stm32f103xb.o [3]
  .text              ro code   0x800'1b9c     0x4  startup_stm32f103xb.o [3]
  .text              ro code   0x800'1ba0     0x4  startup_stm32f103xb.o [3]
  .text              ro code   0x800'1ba4     0x4  startup_stm32f103xb.o [3]
  .text              ro code   0x800'1ba8     0x4  startup_stm32f103xb.o [3]
  .text              ro code   0x800'1bac     0x4  startup_stm32f103xb.o [3]
  .text              ro code   0x800'1bb0     0x4  startup_stm32f103xb.o [3]
  .text              ro code   0x800'1bb4     0x4  startup_stm32f103xb.o [3]
  .text              ro code   0x800'1bb8     0x4  startup_stm32f103xb.o [3]
  .text              ro code   0x800'1bbc     0x4  startup_stm32f103xb.o [3]
  .text              ro code   0x800'1bc0     0x4  startup_stm32f103xb.o [3]
  .text              ro code   0x800'1bc4     0x4  startup_stm32f103xb.o [3]
  .text              ro code   0x800'1bc8     0x4  startup_stm32f103xb.o [3]
  .text              ro code   0x800'1bcc     0x4  startup_stm32f103xb.o [3]
  .text              ro code   0x800'1bd0     0x4  startup_stm32f103xb.o [3]
  .text              ro code   0x800'1bd4     0x4  startup_stm32f103xb.o [3]
  .text              ro code   0x800'1bd8     0x4  startup_stm32f103xb.o [3]
  .text              ro code   0x800'1bdc     0x4  startup_stm32f103xb.o [3]
  .text              ro code   0x800'1be0     0x4  startup_stm32f103xb.o [3]
  .text              ro code   0x800'1be4     0x4  startup_stm32f103xb.o [3]
  .text              ro code   0x800'1be8     0x4  startup_stm32f103xb.o [3]
  .text              ro code   0x800'1bec     0x4  startup_stm32f103xb.o [3]
  .text              ro code   0x800'1bf0     0x4  startup_stm32f103xb.o [3]
  .text              ro code   0x800'1bf4     0x4  startup_stm32f103xb.o [3]
  .text              ro code   0x800'1bf8     0x4  startup_stm32f103xb.o [3]
  .text              ro code   0x800'1bfc     0x4  startup_stm32f103xb.o [3]
  .text              ro code   0x800'1c00     0x4  startup_stm32f103xb.o [3]
  .text              ro code   0x800'1c04     0x4  startup_stm32f103xb.o [3]
  .text              ro code   0x800'1c08     0x4  startup_stm32f103xb.o [3]
  .text              ro code   0x800'1c0c     0x4  startup_stm32f103xb.o [3]
  .text              ro code   0x800'1c10     0x4  startup_stm32f103xb.o [3]
  .text              ro code   0x800'1c14     0x4  startup_stm32f103xb.o [3]
  .text              ro code   0x800'1c18     0x4  startup_stm32f103xb.o [3]
  .text              ro code   0x800'1c1c     0x4  startup_stm32f103xb.o [3]
  .text              ro code   0x800'1c20     0x4  startup_stm32f103xb.o [3]
  .text              ro code   0x800'1c24     0x4  startup_stm32f103xb.o [3]
  .text              ro code   0x800'1c28     0x4  startup_stm32f103xb.o [3]
  .text              ro code   0x800'1c2c     0x4  startup_stm32f103xb.o [3]
  .text              ro code   0x800'1c30     0x4  startup_stm32f103xb.o [3]
  .rodata            const     0x800'1c34     0x0  zero_init3.o [7]
  .rodata            const     0x800'1c34     0x0  copy_init3.o [7]
                             - 0x800'1c34  0x1b48

"P2", part 1 of 3:                           0x1c
  P2-1                        0x2000'0000    0x1c  <Init block>
    .data            inited   0x2000'0000     0xc  main.o [2]
    .data            inited   0x2000'000c     0xc  stm32f1xx_hal.o [5]
    .data            inited   0x2000'0018     0x4  system_stm32f1xx.o [1]
                            - 0x2000'001c    0x1c

"P2", part 2 of 3:                          0x4e0
  .bss               zero     0x2000'001c   0x4b8  SEGGER_RTT.o [4]
  .bss               zero     0x2000'04d4    0x28  can.o [2]
                            - 0x2000'04fc   0x4e0

"P2", part 3 of 3:                          0x400
  CSTACK                      0x2000'0500   0x400  <Block>
    CSTACK           uninit   0x2000'0500   0x400  <Block tail>
                            - 0x2000'0900   0x400

Unused ranges:

         From           To      Size
         ----           --      ----
   0x800'1c34   0x801'ffff  0x1'e3cc
  0x2000'04fc  0x2000'04ff       0x4
  0x2000'0900  0x2000'4fff    0x4700


*******************************************************************************
*** INIT TABLE
***

          Address      Size
          -------      ----
Zero (__iar_zero_init3)
    1 destination range, total size 0x4e0:
          0x2000'001c  0x4e0

Copy (__iar_copy_init3)
    1 source range, total size 0x1c:
           0x800'1b58   0x1c
    1 destination range, total size 0x1c:
          0x2000'0000   0x1c



*******************************************************************************
*** MODULE SUMMARY
***

    Module                  ro code  ro data  rw data
    ------                  -------  -------  -------
command line/config:
    -------------------------------------------------
    Total:

C:\Users\sam\Desktop\CAN代码\CAN_NORMAL_TEST\EWARM\CAN_NORMAL_TEST\Obj\CMSIS_6603591812247902717.dir: [1]
    system_stm32f1xx.o           20        4        4
    -------------------------------------------------
    Total:                       20        4        4

C:\Users\sam\Desktop\CAN代码\CAN_NORMAL_TEST\EWARM\CAN_NORMAL_TEST\Obj\Core_13247989168731456611.dir: [2]
    can.o                       584       40       40
    gpio.o                      200
    main.o                      344       52       12
    stm32f1xx_hal_msp.o          68
    stm32f1xx_it.o               46
    -------------------------------------------------
    Total:                    1'242       92       52

C:\Users\sam\Desktop\CAN代码\CAN_NORMAL_TEST\EWARM\CAN_NORMAL_TEST\Obj\EWARM_18443280873093131863.dir: [3]
    startup_stm32f103xb.o       408
    -------------------------------------------------
    Total:                      408

C:\Users\sam\Desktop\CAN代码\CAN_NORMAL_TEST\EWARM\CAN_NORMAL_TEST\Obj\RTT_4652398523635190692.dir: [4]
    SEGGER_RTT.o                456             1'208
    SEGGER_RTT_printf.o         876
    -------------------------------------------------
    Total:                    1'332             1'208

C:\Users\sam\Desktop\CAN代码\CAN_NORMAL_TEST\EWARM\CAN_NORMAL_TEST\Obj\STM32F1xx_HAL_Driver_9701002599162248031.dir: [5]
    stm32f1xx_hal.o             168       12       12
    stm32f1xx_hal_can.o       1'634
    stm32f1xx_hal_cortex.o      196
    stm32f1xx_hal_gpio.o        508
    stm32f1xx_hal_rcc.o       1'170
    -------------------------------------------------
    Total:                    3'676       12       12

dl7M_tlf.a: [6]
    exit.o                        4
    low_level_init.o              4
    -------------------------------------------------
    Total:                        8

rt7M_tl.a: [7]
    ABImemclr.o                   6
    ABImemcpy_small.o            24
    ABImemset.o                 102
    cexit.o                      10
    cmain.o                      30
    copy_init3.o                 42
    cstartup_M.o                 28
    data_init.o                  40
    memset.o                     20
    zero_init3.o                 56
    -------------------------------------------------
    Total:                      358

shb_l.a: [8]
    exit.o                       20
    -------------------------------------------------
    Total:                       20

    Gaps                         12
    Linker created                        36    1'024
-----------------------------------------------------
    Grand Total:              7'076      144    2'300


*******************************************************************************
*** ENTRY LIST
***

Entry                       Address   Size  Type      Object
-----                       -------   ----  ----      ------
.iar.init_table$$Base    0x800'1ad0          --   Gb  - Linker created -
.iar.init_table$$Limit   0x800'1af4          --   Gb  - Linker created -
?main                    0x800'1af5         Code  Gb  cmain.o [7]
ADC1_2_IRQHandler        0x800'1be1         Code  Wk  startup_stm32f103xb.o [3]
AHBPrescTable            0x800'1b78   0x10  Data  Gb  system_stm32f1xx.o [1]
BusFault_Handler         0x800'1a1f    0x2  Code  Gb  stm32f1xx_it.o [2]
CAN1_RX1_IRQHandler      0x800'1a3d    0x2  Code  Gb  stm32f1xx_it.o [2]
CAN1_SCE_IRQHandler      0x800'1be5         Code  Wk  startup_stm32f103xb.o [3]
CAN_FilterInit           0x800'0881   0x38  Code  Gb  can.o [2]
CAN_ID                  0x2000'0008    0x4  Data  Gb  main.o [2]
CAN_SendBuf             0x2000'0000    0x8  Data  Gb  main.o [2]
CAN_SendMsg              0x800'0843   0x3e  Code  Gb  can.o [2]
CAN_Start                0x800'0921   0x1a  Code  Gb  can.o [2]
CSTACK$$Base            0x2000'0500          --   Gb  - Linker created -
CSTACK$$Limit           0x2000'0900          --   Gb  - Linker created -
DMA1_Channel1_IRQHandler
                         0x800'1bc5         Code  Wk  startup_stm32f103xb.o [3]
DMA1_Channel2_IRQHandler
                         0x800'1bc9         Code  Wk  startup_stm32f103xb.o [3]
DMA1_Channel3_IRQHandler
                         0x800'1bcd         Code  Wk  startup_stm32f103xb.o [3]
DMA1_Channel4_IRQHandler
                         0x800'1bd1         Code  Wk  startup_stm32f103xb.o [3]
DMA1_Channel5_IRQHandler
                         0x800'1bd5         Code  Wk  startup_stm32f103xb.o [3]
DMA1_Channel6_IRQHandler
                         0x800'1bd9         Code  Wk  startup_stm32f103xb.o [3]
DMA1_Channel7_IRQHandler
                         0x800'1bdd         Code  Wk  startup_stm32f103xb.o [3]
DebugMon_Handler         0x800'1a25    0x2  Code  Gb  stm32f1xx_it.o [2]
EXTI0_IRQHandler         0x800'1bb1         Code  Wk  startup_stm32f103xb.o [3]
EXTI15_10_IRQHandler     0x800'1a3f    0x8  Code  Gb  stm32f1xx_it.o [2]
EXTI1_IRQHandler         0x800'1bb5         Code  Wk  startup_stm32f103xb.o [3]
EXTI2_IRQHandler         0x800'1bb9         Code  Wk  startup_stm32f103xb.o [3]
EXTI3_IRQHandler         0x800'1bbd         Code  Wk  startup_stm32f103xb.o [3]
EXTI4_IRQHandler         0x800'1bc1         Code  Wk  startup_stm32f103xb.o [3]
EXTI9_5_IRQHandler       0x800'1be9         Code  Wk  startup_stm32f103xb.o [3]
Error_Handler            0x800'0ae7    0x4  Code  Gb  main.o [2]
FLASH_IRQHandler         0x800'1ba9         Code  Wk  startup_stm32f103xb.o [3]
HAL_CAN_ActivateNotification
                         0x800'0521   0x16  Code  Gb  stm32f1xx_hal_can.o [5]
HAL_CAN_AddTxMessage     0x800'0325   0xb8  Code  Gb  stm32f1xx_hal_can.o [5]
HAL_CAN_ConfigFilter     0x800'01e5   0xba  Code  Gb  stm32f1xx_hal_can.o [5]
HAL_CAN_ErrorCallback    0x800'09cb    0x2  Code  Wk  stm32f1xx_hal_can.o [5]
HAL_CAN_GetRxMessage     0x800'041b   0xfc  Code  Gb  stm32f1xx_hal_can.o [5]
HAL_CAN_GetTxMailboxesFreeLevel
                         0x800'03ef   0x2c  Code  Gb  stm32f1xx_hal_can.o [5]
HAL_CAN_IRQHandler       0x800'053d  0x1fa  Code  Gb  stm32f1xx_hal_can.o [5]
HAL_CAN_Init             0x800'00ed   0xe6  Code  Gb  stm32f1xx_hal_can.o [5]
HAL_CAN_MspInit          0x800'0793   0xb0  Code  Gb  can.o [2]
HAL_CAN_RxFifo0FullCallback
                         0x800'09c1    0x2  Code  Wk  stm32f1xx_hal_can.o [5]
HAL_CAN_RxFifo0MsgPendingCallback
                         0x800'08bd   0x64  Code  Gb  can.o [2]
HAL_CAN_RxFifo1FullCallback
                         0x800'09c3    0x2  Code  Wk  stm32f1xx_hal_can.o [5]
HAL_CAN_RxFifo1MsgPendingCallback
                         0x800'09c5    0x2  Code  Wk  stm32f1xx_hal_can.o [5]
HAL_CAN_SleepCallback    0x800'09c7    0x2  Code  Wk  stm32f1xx_hal_can.o [5]
HAL_CAN_Start            0x800'02ad   0x4c  Code  Gb  stm32f1xx_hal_can.o [5]
HAL_CAN_TxMailbox0AbortCallback
                         0x800'09b7    0x2  Code  Wk  stm32f1xx_hal_can.o [5]
HAL_CAN_TxMailbox0CompleteCallback
                         0x800'09b5    0x2  Code  Wk  stm32f1xx_hal_can.o [5]
HAL_CAN_TxMailbox1AbortCallback
                         0x800'09bb    0x2  Code  Wk  stm32f1xx_hal_can.o [5]
HAL_CAN_TxMailbox1CompleteCallback
                         0x800'09b9    0x2  Code  Wk  stm32f1xx_hal_can.o [5]
HAL_CAN_TxMailbox2AbortCallback
                         0x800'09bf    0x2  Code  Wk  stm32f1xx_hal_can.o [5]
HAL_CAN_TxMailbox2CompleteCallback
                         0x800'09bd    0x2  Code  Wk  stm32f1xx_hal_can.o [5]
HAL_CAN_WakeUpFromRxMsgCallback
                         0x800'09c9    0x2  Code  Wk  stm32f1xx_hal_can.o [5]
HAL_Delay                0x800'18ad   0x28  Code  Wk  stm32f1xx_hal.o [5]
HAL_GPIO_EXTI_Callback   0x800'0a59   0x78  Code  Gb  main.o [2]
HAL_GPIO_EXTI_IRQHandler
                         0x800'0ce9   0x12  Code  Gb  stm32f1xx_hal_gpio.o [5]
HAL_GPIO_Init            0x800'0b39  0x19c  Code  Gb  stm32f1xx_hal_gpio.o [5]
HAL_GPIO_ReadPin         0x800'0cd5    0xc  Code  Gb  stm32f1xx_hal_gpio.o [5]
HAL_GPIO_WritePin        0x800'0ce1    0x8  Code  Gb  stm32f1xx_hal_gpio.o [5]
HAL_GetTick              0x800'09a9    0xc  Code  Wk  stm32f1xx_hal.o [5]
HAL_IncTick              0x800'1a49   0x10  Code  Wk  stm32f1xx_hal.o [5]
HAL_Init                 0x800'1165   0x20  Code  Gb  stm32f1xx_hal.o [5]
HAL_InitTick             0x800'193d   0x40  Code  Wk  stm32f1xx_hal.o [5]
HAL_MspInit              0x800'197d   0x44  Code  Gb  stm32f1xx_hal_msp.o [2]
HAL_NVIC_EnableIRQ       0x800'0da3   0x16  Code  Gb  stm32f1xx_hal_cortex.o [5]
HAL_NVIC_SetPriority     0x800'0d69   0x3a  Code  Gb  stm32f1xx_hal_cortex.o [5]
HAL_NVIC_SetPriorityGrouping
                         0x800'0d4f   0x1a  Code  Gb  stm32f1xx_hal_cortex.o [5]
HAL_RCC_ClockConfig      0x800'172d   0xf4  Code  Gb  stm32f1xx_hal_rcc.o [5]
HAL_RCC_GetSysClockFreq
                         0x800'1835   0x38  Code  Gb  stm32f1xx_hal_rcc.o [5]
HAL_RCC_GetSysClockFreq::aPLLMULFactorTable
                         0x800'1898   0x10  Data  Lc  stm32f1xx_hal_rcc.o [5]
HAL_RCC_GetSysClockFreq::aPredivFactorTable
                         0x800'18a8    0x2  Data  Lc  stm32f1xx_hal_rcc.o [5]
HAL_RCC_OscConfig        0x800'1419  0x30c  Code  Gb  stm32f1xx_hal_rcc.o [5]
HAL_SYSTICK_Config       0x800'0db9   0x22  Code  Gb  stm32f1xx_hal_cortex.o [5]
HardFault_Handler        0x800'1a1b    0x2  Code  Gb  stm32f1xx_it.o [2]
I2C1_ER_IRQHandler       0x800'1c0d         Code  Wk  startup_stm32f103xb.o [3]
I2C1_EV_IRQHandler       0x800'1c09         Code  Wk  startup_stm32f103xb.o [3]
I2C2_ER_IRQHandler       0x800'1c15         Code  Wk  startup_stm32f103xb.o [3]
I2C2_EV_IRQHandler       0x800'1c11         Code  Wk  startup_stm32f103xb.o [3]
MX_CAN_Init              0x800'0761   0x32  Code  Gb  can.o [2]
MX_GPIO_Init             0x800'1189   0xc8  Code  Gb  gpio.o [2]
MemManage_Handler        0x800'1a1d    0x2  Code  Gb  stm32f1xx_it.o [2]
NMI_Handler              0x800'1a19    0x2  Code  Gb  stm32f1xx_it.o [2]
PVD_IRQHandler           0x800'1b9d         Code  Wk  startup_stm32f103xb.o [3]
PendSV_Handler           0x800'1a27    0x2  Code  Gb  stm32f1xx_it.o [2]
RCC_IRQHandler           0x800'1bad         Code  Wk  startup_stm32f103xb.o [3]
RTC_Alarm_IRQHandler     0x800'1c2d         Code  Wk  startup_stm32f103xb.o [3]
RTC_IRQHandler           0x800'1ba5         Code  Wk  startup_stm32f103xb.o [3]
Region$$Table$$Base      0x800'1ad0          --   Gb  - Linker created -
Region$$Table$$Limit     0x800'1af4          --   Gb  - Linker created -
Reset_Handler            0x800'1b89         Code  Wk  startup_stm32f103xb.o [3]
SEGGER_RTT_Init          0x800'13e9    0x2  Code  Gb  SEGGER_RTT.o [4]
SEGGER_RTT_Write         0x800'13b3   0x1e  Code  Gb  SEGGER_RTT.o [4]
SEGGER_RTT_WriteNoLock   0x800'1351   0x3e  Code  Gb  SEGGER_RTT.o [4]
SEGGER_RTT_printf        0x800'1139   0x14  Code  Gb  SEGGER_RTT_printf.o [4]
SEGGER_RTT_vprintf       0x800'0f01  0x222  Code  Gb  SEGGER_RTT_printf.o [4]
SPI1_IRQHandler          0x800'1c19         Code  Wk  startup_stm32f103xb.o [3]
SPI2_IRQHandler          0x800'1c1d         Code  Wk  startup_stm32f103xb.o [3]
SVC_Handler              0x800'1a23    0x2  Code  Gb  stm32f1xx_it.o [2]
SysTick_Handler          0x800'1a29    0x4  Code  Gb  stm32f1xx_it.o [2]
SystemClock_Config       0x800'09f3   0x66  Code  Gb  main.o [2]
SystemCoreClock         0x2000'0018    0x4  Data  Gb  system_stm32f1xx.o [1]
SystemInit               0x800'1b75    0x2  Code  Gb  system_stm32f1xx.o [1]
TAMPER_IRQHandler        0x800'1ba1         Code  Wk  startup_stm32f103xb.o [3]
TIM1_BRK_IRQHandler      0x800'1bed         Code  Wk  startup_stm32f103xb.o [3]
TIM1_CC_IRQHandler       0x800'1bf9         Code  Wk  startup_stm32f103xb.o [3]
TIM1_TRG_COM_IRQHandler
                         0x800'1bf5         Code  Wk  startup_stm32f103xb.o [3]
TIM1_UP_IRQHandler       0x800'1bf1         Code  Wk  startup_stm32f103xb.o [3]
TIM2_IRQHandler          0x800'1bfd         Code  Wk  startup_stm32f103xb.o [3]
TIM3_IRQHandler          0x800'1c01         Code  Wk  startup_stm32f103xb.o [3]
TIM4_IRQHandler          0x800'1c05         Code  Wk  startup_stm32f103xb.o [3]
USART1_IRQHandler        0x800'1c21         Code  Wk  startup_stm32f103xb.o [3]
USART2_IRQHandler        0x800'1c25         Code  Wk  startup_stm32f103xb.o [3]
USART3_IRQHandler        0x800'1c29         Code  Wk  startup_stm32f103xb.o [3]
USBWakeUp_IRQHandler     0x800'1c31         Code  Wk  startup_stm32f103xb.o [3]
USB_HP_CAN1_TX_IRQHandler
                         0x800'1a2d    0x2  Code  Gb  stm32f1xx_it.o [2]
USB_LP_CAN1_RX0_IRQHandler
                         0x800'1a31    0x2  Code  Gb  stm32f1xx_it.o [2]
UsageFault_Handler       0x800'1a21    0x2  Code  Gb  stm32f1xx_it.o [2]
WWDG_IRQHandler          0x800'1b99         Code  Wk  startup_stm32f103xb.o [3]
_DoInit                  0x800'1251   0x5c  Code  Lc  SEGGER_RTT.o [4]
_DoInit::_aInitStr       0x800'1404   0x14  Data  Lc  SEGGER_RTT.o [4]
_GetAvailWriteSpace      0x800'133b   0x16  Code  Lc  SEGGER_RTT.o [4]
_PrintUnsigned           0x800'0e39   0xc8  Code  Lc  SEGGER_RTT_printf.o [4]
_PrintUnsigned::_aV2C    0x800'1154   0x10  Data  Lc  SEGGER_RTT_printf.o [4]
_SEGGER_RTT             0x2000'001c   0xa8  Data  Gb  SEGGER_RTT.o [4]
_StoreChar               0x800'0df9   0x3e  Code  Lc  SEGGER_RTT_printf.o [4]
_WriteBlocking           0x800'12ad   0x54  Code  Lc  SEGGER_RTT.o [4]
_WriteNoCheck            0x800'1301   0x3a  Code  Lc  SEGGER_RTT.o [4]
__NVIC_SetPriority       0x800'0d35   0x1a  Code  Lc  stm32f1xx_hal_cortex.o [5]
__aeabi_memclr           0x800'19c1         Code  Gb  ABImemclr.o [7]
__aeabi_memset           0x800'18d5         Code  Gb  ABImemset.o [7]
__cmain                  0x800'1af5         Code  Gb  cmain.o [7]
__exit                   0x800'1b29   0x14  Code  Gb  exit.o [8]
__iar_Memset             0x800'18d5         Code  Gb  ABImemset.o [7]
__iar_Memset_word        0x800'18dd         Code  Gb  ABImemset.o [7]
__iar_copy_init3         0x800'0737   0x2a  Code  Gb  copy_init3.o [7]
__iar_data_init3         0x800'1aa9   0x28  Code  Gb  data_init.o [7]
__iar_program_start      0x800'1b3d         Code  Gb  cstartup_M.o [7]
__iar_small_Memcpy       0x800'19cd         Code  Gb  ABImemcpy_small.o [7]
__iar_small_memcpy       0x800'19c9         Code  Gb  ABImemcpy_small.o [7]
__iar_small_memcpy4      0x800'19c9         Code  Gb  ABImemcpy_small.o [7]
__iar_small_memcpy8      0x800'19c9         Code  Gb  ABImemcpy_small.o [7]
__iar_zero_init3         0x800'19e1   0x38  Code  Gb  zero_init3.o [7]
__low_level_init         0x800'1b13    0x4  Code  Gb  low_level_init.o [6]
__vector_table           0x800'0000         Data  Gb  startup_stm32f103xb.o [3]
_acDownBuffer           0x2000'04c4   0x10  Data  Lc  SEGGER_RTT.o [4]
_acUpBuffer             0x2000'00c4  0x400  Data  Lc  SEGGER_RTT.o [4]
_call_main               0x800'1b01         Code  Gb  cmain.o [7]
_exit                    0x800'1b1d         Code  Gb  cexit.o [7]
exit                     0x800'1b17    0x4  Code  Gb  exit.o [6]
hcan                    0x2000'04d4   0x28  Data  Gb  can.o [2]
main                     0x800'09cd   0x26  Code  Gb  main.o [2]
memset                   0x800'0b25   0x14  Code  Gb  memset.o [7]
uwTick                  0x2000'0010    0x4  Data  Gb  stm32f1xx_hal.o [5]
uwTickFreq              0x2000'000c    0x1  Data  Gb  stm32f1xx_hal.o [5]
uwTickPrio              0x2000'0014    0x4  Data  Gb  stm32f1xx_hal.o [5]


[1] = C:\Users\sam\Desktop\CAN代码\CAN_NORMAL_TEST\EWARM\CAN_NORMAL_TEST\Obj\CMSIS_6603591812247902717.dir
[2] = C:\Users\sam\Desktop\CAN代码\CAN_NORMAL_TEST\EWARM\CAN_NORMAL_TEST\Obj\Core_13247989168731456611.dir
[3] = C:\Users\sam\Desktop\CAN代码\CAN_NORMAL_TEST\EWARM\CAN_NORMAL_TEST\Obj\EWARM_18443280873093131863.dir
[4] = C:\Users\sam\Desktop\CAN代码\CAN_NORMAL_TEST\EWARM\CAN_NORMAL_TEST\Obj\RTT_4652398523635190692.dir
[5] = C:\Users\sam\Desktop\CAN代码\CAN_NORMAL_TEST\EWARM\CAN_NORMAL_TEST\Obj\STM32F1xx_HAL_Driver_9701002599162248031.dir
[6] = dl7M_tlf.a
[7] = rt7M_tl.a
[8] = shb_l.a

  7'076 bytes of readonly  code memory
    144 bytes of readonly  data memory
  2'300 bytes of readwrite data memory

Errors: none
Warnings: none
